<?xml version="1.0" encoding="UTF-8"?>
<TestRun id="47aecbb0-be62-4e6f-b2b6-21778ab5686d" name="Andrew@ANDREW-PC 2011-06-20 22:44:53" runUser="Andrew-PC\Andrew" xmlns="http://microsoft.com/schemas/VisualStudio/TeamTest/2010">
  <TestSettings name="Local" id="e0bce77d-f0bc-4194-868a-87daed48a37d">
    <Description>These are default test settings for a local test run.</Description>
    <Deployment enabled="false" runDeploymentRoot="Andrew_ANDREW-PC 2011-06-20 22_44_53">
      <DeploymentItem filename="C:\Projects\ScoreSquid\src\ScoreSquid.Web\bin\ScoreSquid.Web.dll" />
      <DeploymentItem filename="C:\Projects\ScoreSquid\src\packages\WatiN.2.1.0\lib\net40\WatiN.Core.dll" />
      <DeploymentItem filename="C:\Projects\ScoreSquid\src\packages\Coypu.0.2.0\lib\net40\WebDriver.Remote.Common.dll" />
      <DeploymentItem filename="C:\Projects\ScoreSquid\src\packages\Coypu.0.2.0\lib\net40\WebDriver.Common.dll" />
      <DeploymentItem filename="C:\Projects\ScoreSquid\src\packages\Coypu.0.2.0\lib\net40\WebDriver.Firefox.dll" />
      <DeploymentItem filename="C:\Projects\ScoreSquid\src\packages\Coypu.0.2.0\lib\net40\ThoughtWorks.Selenium.Core.dll" />
      <DeploymentItem filename="C:\Projects\ScoreSquid\src\packages\Coypu.0.2.0\lib\net40\Coypu.dll" />
      <DeploymentItem filename="C:\Projects\ScoreSquid\src\packages\Coypu.0.2.0\lib\net40\WebDriver.Chrome.dll" />
      <DeploymentItem filename="C:\Projects\ScoreSquid\src\packages\SpecFlow.1.6.1\lib\net35\TechTalk.SpecFlow.dll" />
      <DeploymentItem filename="C:\Projects\ScoreSquid\src\packages\Coypu.0.2.0\lib\net40\Ionic.Zip.Reduced.dll" />
      <DeploymentItem filename="C:\Projects\ScoreSquid\src\packages\Unity.2.0\lib\20\Microsoft.Practices.Unity.Configuration.dll" />
      <DeploymentItem filename="C:\Projects\ScoreSquid\src\packages\Moq.4.0.10827\lib\NET40\Moq.dll" />
      <DeploymentItem filename="C:\Projects\ScoreSquid\src\packages\Unity.2.0\lib\20\Microsoft.Practices.Unity.dll" />
      <DeploymentItem filename="C:\Projects\ScoreSquid\src\packages\Coypu.0.2.0\lib\net40\Webdriver.Support.dll" />
      <DeploymentItem filename="C:\Projects\ScoreSquid\src\packages\AutoMoq.1.4.2\lib\AutoMoq.dll" />
      <DeploymentItem filename="C:\Projects\ScoreSquid\src\packages\Unity.2.0\lib\20\Microsoft.Practices.ServiceLocation.dll" />
      <DeploymentItem filename="C:\Projects\ScoreSquid\src\packages\Coypu.0.2.0\lib\net40\Newtonsoft.Json.dll" />
      <DeploymentItem filename="C:\Projects\ScoreSquid\src\packages\Coypu.0.2.0\lib\net40\WebDriver.IE.dll" />
      <DeploymentItem filename="C:\Projects\ScoreSquid\src\packages\Coypu.0.2.0\lib\net40\Castle.Core.dll" />
      <DeploymentItem filename="C:\Projects\ScoreSquid\src\packages\Unity.2.0\lib\20\Microsoft.Practices.Unity.Interception.dll" />
      <DeploymentItem filename="C:\Projects\ScoreSquid\src\packages\Coypu.0.2.0\lib\net40\WebDriver.Remote.dll" />
      <DeploymentItem filename="C:\Projects\ScoreSquid\src\packages\Coypu.0.2.0\lib\net40\Selenium.WebDriverBackedSelenium.dll" />
      <DeploymentItem filename="C:\Projects\ScoreSquid\src\packages\Unity.2.0\lib\20\Microsoft.Practices.Unity.Interception.Configuration.dll" />
    </Deployment>
    <Execution>
      <TestTypeSpecific />
      <AgentRule name="Execution Agents">
      </AgentRule>
    </Execution>
  </TestSettings>
  <Times creation="2011-06-20T22:44:53.3037233+01:00" queuing="2011-06-20T22:44:53.3147240+01:00" start="2011-06-20T22:44:53.3457257+01:00" finish="2011-06-20T22:44:54.8248103+01:00" />
  <ResultSummary outcome="Inconclusive">
    <Counters total="3" executed="3" passed="2" error="0" failed="0" timeout="0" aborted="0" inconclusive="1" passedButRunAborted="0" notRunnable="0" notExecuted="0" disconnected="0" warning="0" completed="0" inProgress="0" pending="0" />
  </ResultSummary>
  <TestDefinitions>
    <UnitTest name="Register" storage="c:\projects\scoresquid\src\scoresquid.web.functional.tests\bin\debug\scoresquid.web.functional.tests.dll" id="61489cb1-50a7-9e5c-7b0d-2d4ba5ebe4a5">
      <Description>Register</Description>
      <Execution id="5639f972-1b37-4112-87aa-cdbcb42cdba8" />
      <Properties>
        <Property>
          <Key>FeatureTitle</Key>
          <Value>Registration</Value>
        </Property>
      </Properties>
      <TestMethod codeBase="C:/Projects/ScoreSquid/src/ScoreSquid.Web.Functional.Tests/bin/Debug/ScoreSquid.Web.Functional.Tests.DLL" adapterTypeName="Microsoft.VisualStudio.TestTools.TestTypes.Unit.UnitTestAdapter, Microsoft.VisualStudio.QualityTools.Tips.UnitTest.Adapter, Version=10.0.0.0, Culture=neutral, PublicKeyToken=b03f5f7f11d50a3a" className="ScoreSquid.Web.Functional.Tests.Features.RegistrationFeature, ScoreSquid.Web.Functional.Tests, Version=1.0.0.0, Culture=neutral, PublicKeyToken=null" name="Register" />
    </UnitTest>
    <UnitTest name="TestMethod1" storage="c:\projects\scoresquid\src\scoresquid.web.functional.tests\bin\debug\scoresquid.web.functional.tests.dll" id="aa0619e1-ab63-b93b-4ebd-641b8b210422">
      <Execution id="a318e947-239d-4bf3-a0ad-15fc5cb2935c" />
      <TestMethod codeBase="C:/Projects/ScoreSquid/src/ScoreSquid.Web.Functional.Tests/bin/Debug/ScoreSquid.Web.Functional.Tests.DLL" adapterTypeName="Microsoft.VisualStudio.TestTools.TestTypes.Unit.UnitTestAdapter, Microsoft.VisualStudio.QualityTools.Tips.UnitTest.Adapter, Version=10.0.0.0, Culture=neutral, PublicKeyToken=b03f5f7f11d50a3a" className="ScoreSquid.Web.Functional.Tests.UnitTest1, ScoreSquid.Web.Functional.Tests, Version=1.0.0.0, Culture=neutral, PublicKeyToken=null" name="TestMethod1" />
    </UnitTest>
    <UnitTest name="TestIndex_ShouldLoadAllFixtures" storage="c:\projects\scoresquid\src\scoresquid.web.tests\bin\debug\scoresquid.web.tests.dll" id="9e41a2ea-5fee-b5d5-ba5c-61fffa65b461">
      <Execution id="847c4fa5-05a7-4cac-b6ee-6cbdecf380fc" />
      <TestMethod codeBase="C:/Projects/ScoreSquid/src/ScoreSquid.Web.Tests/bin/Debug/ScoreSquid.Web.Tests.DLL" adapterTypeName="Microsoft.VisualStudio.TestTools.TestTypes.Unit.UnitTestAdapter, Microsoft.VisualStudio.QualityTools.Tips.UnitTest.Adapter, Version=10.0.0.0, Culture=neutral, PublicKeyToken=b03f5f7f11d50a3a" className="ScoreSquid.Web.Tests.FixtureControllerTests, ScoreSquid.Web.Tests, Version=1.0.0.0, Culture=neutral, PublicKeyToken=null" name="TestIndex_ShouldLoadAllFixtures" />
    </UnitTest>
  </TestDefinitions>
  <TestLists>
    <TestList name="Results Not in a List" id="8c84fa94-04c1-424b-9868-57a2d4851a1d" />
    <TestList name="All Loaded Results" id="19431567-8539-422a-85d7-44ee4e166bda" />
  </TestLists>
  <TestEntries>
    <TestEntry testId="61489cb1-50a7-9e5c-7b0d-2d4ba5ebe4a5" executionId="5639f972-1b37-4112-87aa-cdbcb42cdba8" testListId="8c84fa94-04c1-424b-9868-57a2d4851a1d" />
    <TestEntry testId="9e41a2ea-5fee-b5d5-ba5c-61fffa65b461" executionId="847c4fa5-05a7-4cac-b6ee-6cbdecf380fc" testListId="8c84fa94-04c1-424b-9868-57a2d4851a1d" />
    <TestEntry testId="aa0619e1-ab63-b93b-4ebd-641b8b210422" executionId="a318e947-239d-4bf3-a0ad-15fc5cb2935c" testListId="8c84fa94-04c1-424b-9868-57a2d4851a1d" />
  </TestEntries>
  <Results>
    <UnitTestResult executionId="5639f972-1b37-4112-87aa-cdbcb42cdba8" testId="61489cb1-50a7-9e5c-7b0d-2d4ba5ebe4a5" testName="Register" computerName="ANDREW-PC" duration="00:00:00.0818000" startTime="2011-06-20T22:44:53.3597265+01:00" endTime="2011-06-20T22:44:53.8087522+01:00" testType="13cdc9d9-ddb5-4fa4-a97d-d965ccfc6d4b" outcome="Inconclusive" testListId="8c84fa94-04c1-424b-9868-57a2d4851a1d" relativeResultsDirectory="5639f972-1b37-4112-87aa-cdbcb42cdba8">
      <Output>
        <StdOut>Given that I do not have an existing account
-&gt; No matching step definition found for the step. Use the following code to create one:
    [Binding]
    public class StepDefinitions
    {
        [Given(@"that I do not have an existing account")]
        public void GivenThatIDoNotHaveAnExistingAccount()
        {
            ScenarioContext.Current.Pending();
        }
    }

When I navigate to the registration screen
-&gt; No matching step definition found for the step. Use the following code to create one:
    [Binding]
    public class StepDefinitions
    {
        [When(@"I navigate to the registration screen")]
        public void WhenINavigateToTheRegistrationScreen()
        {
            ScenarioContext.Current.Pending();
        }
    }

And I enter my registration details
-&gt; No matching step definition found for the step. Use the following code to create one:
    [Binding]
    public class StepDefinitions
    {
        [When(@"I enter my registration details")]
        public void WhenIEnterMyRegistrationDetails()
        {
            ScenarioContext.Current.Pending();
        }
    }

Then I should successfully create an account
-&gt; No matching step definition found for the step. Use the following code to create one:
    [Binding]
    public class StepDefinitions
    {
        [Then(@"I should successfully create an account")]
        public void ThenIShouldSuccessfullyCreateAnAccount()
        {
            ScenarioContext.Current.Pending();
        }
    }</StdOut>
        <ErrorInfo>
          <Message>Assert.Inconclusive failed. No matching step definition found for one or more steps.
[Binding]
public class StepDefinitions
{
    [Given(@"that I do not have an existing account")]
    public void GivenThatIDoNotHaveAnExistingAccount()
    {
        ScenarioContext.Current.Pending();
    }
    
    [Then(@"I should successfully create an account")]
    public void ThenIShouldSuccessfullyCreateAnAccount()
    {
        ScenarioContext.Current.Pending();
    }
    
    [When(@"I enter my registration details")]
    public void WhenIEnterMyRegistrationDetails()
    {
        ScenarioContext.Current.Pending();
    }
    
    [When(@"I navigate to the registration screen")]
    public void WhenINavigateToTheRegistrationScreen()
    {
        ScenarioContext.Current.Pending();
    }
}
</Message>
          <StackTrace>   at lambda_method(Closure , String , Object[] )
   at TechTalk.SpecFlow.UnitTestProvider.MsTestRuntimeProvider.TestInconclusive(String message)
   at TechTalk.SpecFlow.ErrorHandling.ErrorProvider.ThrowPendingError(TestStatus testStatus, String message)
   at TechTalk.SpecFlow.TestRunner.CollectScenarioErrors()
   at ScoreSquid.Web.Functional.Tests.Features.RegistrationFeature.Register() in c:\Projects\ScoreSquid\src\ScoreSquid.Web.Functional.Tests\Features\PlayerRegistration.feature:line 11
</StackTrace>
        </ErrorInfo>
      </Output>
    </UnitTestResult>
    <UnitTestResult executionId="847c4fa5-05a7-4cac-b6ee-6cbdecf380fc" testId="9e41a2ea-5fee-b5d5-ba5c-61fffa65b461" testName="TestIndex_ShouldLoadAllFixtures" computerName="ANDREW-PC" duration="00:00:00.3368654" startTime="2011-06-20T22:44:53.8127525+01:00" endTime="2011-06-20T22:44:54.4187871+01:00" testType="13cdc9d9-ddb5-4fa4-a97d-d965ccfc6d4b" outcome="Passed" testListId="8c84fa94-04c1-424b-9868-57a2d4851a1d" relativeResultsDirectory="847c4fa5-05a7-4cac-b6ee-6cbdecf380fc">
    </UnitTestResult>
    <UnitTestResult executionId="a318e947-239d-4bf3-a0ad-15fc5cb2935c" testId="aa0619e1-ab63-b93b-4ebd-641b8b210422" testName="TestMethod1" computerName="ANDREW-PC" duration="00:00:00.0002525" startTime="2011-06-20T22:44:54.4227873+01:00" endTime="2011-06-20T22:44:54.4327879+01:00" testType="13cdc9d9-ddb5-4fa4-a97d-d965ccfc6d4b" outcome="Passed" testListId="8c84fa94-04c1-424b-9868-57a2d4851a1d" relativeResultsDirectory="a318e947-239d-4bf3-a0ad-15fc5cb2935c">
    </UnitTestResult>
  </Results>
</TestRun>