<?xml version="1.0" encoding="UTF-8"?>
<TestRun id="de799bc3-a8cd-44d3-b120-87abed5e73d1" name="Andrew@ANDREW-PC 2011-10-01 13:53:34" runUser="Andrew-PC\Andrew" xmlns="http://microsoft.com/schemas/VisualStudio/TeamTest/2010">
  <TestSettings name="Local" id="e0bce77d-f0bc-4194-868a-87daed48a37d">
    <Description>These are default test settings for a local test run.</Description>
    <Deployment enabled="false" runDeploymentRoot="Andrew_ANDREW-PC 2011-10-01 13_53_34">
      <DeploymentItem filename="C:\Users\Andrew\Score-Squid\src\packages\Coypu.0.2.0\lib\net40\WebDriver.Chrome.dll" />
      <DeploymentItem filename="C:\Users\Andrew\Score-Squid\src\packages\Coypu.0.2.0\lib\net40\Webdriver.Support.dll" />
      <DeploymentItem filename="C:\Users\Andrew\Score-Squid\src\packages\Coypu.0.2.0\lib\net40\WebDriver.Remote.dll" />
      <DeploymentItem filename="C:\Users\Andrew\Score-Squid\src\packages\Coypu.0.2.0\lib\net40\Newtonsoft.Json.dll" />
      <DeploymentItem filename="C:\Users\Andrew\Score-Squid\src\packages\Coypu.0.2.0\lib\net40\Castle.Core.dll" />
      <DeploymentItem filename="C:\Users\Andrew\Score-Squid\src\packages\Coypu.0.2.0\lib\net40\ThoughtWorks.Selenium.Core.dll" />
      <DeploymentItem filename="C:\Users\Andrew\Score-Squid\src\packages\Coypu.0.2.0\lib\net40\Selenium.WebDriverBackedSelenium.dll" />
      <DeploymentItem filename="C:\Users\Andrew\Score-Squid\src\packages\SpecFlow.1.6.1\lib\net35\TechTalk.SpecFlow.dll" />
      <DeploymentItem filename="C:\Users\Andrew\Score-Squid\src\packages\Coypu.0.2.0\lib\net40\WebDriver.Remote.Common.dll" />
      <DeploymentItem filename="C:\Users\Andrew\Score-Squid\src\packages\WatiN.2.1.0\lib\net40\WatiN.Core.dll" />
      <DeploymentItem filename="C:\Users\Andrew\Score-Squid\src\packages\Coypu.0.2.0\lib\net40\WebDriver.IE.dll" />
      <DeploymentItem filename="C:\Users\Andrew\Score-Squid\src\packages\Coypu.0.2.0\lib\net40\WebDriver.Firefox.dll" />
      <DeploymentItem filename="C:\Users\Andrew\Score-Squid\src\packages\Coypu.0.2.0\lib\net40\WebDriver.Common.dll" />
      <DeploymentItem filename="C:\Users\Andrew\Score-Squid\src\packages\Coypu.0.2.0\lib\net40\Ionic.Zip.Reduced.dll" />
    </Deployment>
    <Execution>
      <TestTypeSpecific />
      <AgentRule name="Execution Agents">
      </AgentRule>
    </Execution>
  </TestSettings>
  <Times creation="2011-10-01T13:53:34.7898384+01:00" queuing="2011-10-01T13:53:34.9098453+01:00" start="2011-10-01T13:53:34.9668486+01:00" finish="2011-10-01T13:53:35.6578881+01:00" />
  <ResultSummary outcome="Inconclusive">
    <Counters total="1" executed="1" error="0" failed="0" timeout="0" aborted="0" inconclusive="1" passedButRunAborted="0" notRunnable="0" notExecuted="0" disconnected="0" warning="0" passed="0" completed="0" inProgress="0" pending="0" />
  </ResultSummary>
  <TestDefinitions>
    <UnitTest name="Login" storage="c:\users\andrew\score-squid\src\scoresquid.web.functional.tests\bin\debug\scoresquid.web.functional.tests.dll" id="70fbc3c0-6163-0227-6823-7be18201b7fb">
      <Description>Login</Description>
      <Execution id="383c958b-9be7-47f3-85b3-10ee33092c66" />
      <Properties>
        <Property>
          <Key>FeatureTitle</Key>
          <Value>Login</Value>
        </Property>
      </Properties>
      <TestMethod codeBase="C:/Users/Andrew/Score-Squid/src/ScoreSquid.Web.Functional.Tests/bin/Debug/ScoreSquid.Web.Functional.Tests.DLL" adapterTypeName="Microsoft.VisualStudio.TestTools.TestTypes.Unit.UnitTestAdapter, Microsoft.VisualStudio.QualityTools.Tips.UnitTest.Adapter, Version=10.0.0.0, Culture=neutral, PublicKeyToken=b03f5f7f11d50a3a" className="ScoreSquid.Web.Functional.Tests.Features.LoginFeature, ScoreSquid.Web.Functional.Tests, Version=1.0.0.0, Culture=neutral, PublicKeyToken=null" name="Login" />
    </UnitTest>
  </TestDefinitions>
  <TestLists>
    <TestList name="Results Not in a List" id="8c84fa94-04c1-424b-9868-57a2d4851a1d" />
    <TestList name="All Loaded Results" id="19431567-8539-422a-85d7-44ee4e166bda" />
  </TestLists>
  <TestEntries>
    <TestEntry testId="70fbc3c0-6163-0227-6823-7be18201b7fb" executionId="383c958b-9be7-47f3-85b3-10ee33092c66" testListId="8c84fa94-04c1-424b-9868-57a2d4851a1d" />
  </TestEntries>
  <Results>
    <UnitTestResult executionId="383c958b-9be7-47f3-85b3-10ee33092c66" testId="70fbc3c0-6163-0227-6823-7be18201b7fb" testName="Login" computerName="ANDREW-PC" duration="00:00:00.1269409" startTime="2011-10-01T13:53:35.1438587+01:00" endTime="2011-10-01T13:53:35.6198859+01:00" testType="13cdc9d9-ddb5-4fa4-a97d-d965ccfc6d4b" outcome="Inconclusive" testListId="8c84fa94-04c1-424b-9868-57a2d4851a1d" relativeResultsDirectory="383c958b-9be7-47f3-85b3-10ee33092c66">
      <Output>
        <StdOut>Given that I have an existing account
-&gt; No matching step definition found for the step. Use the following code to create one:
    [Binding]
    public class StepDefinitions
    {
        [Given(@"that I have an existing account")]
        public void GivenThatIHaveAnExistingAccount()
        {
            ScenarioContext.Current.Pending();
        }
    }

When I enter valid login details
-&gt; No matching step definition found for the step. Use the following code to create one:
    [Binding]
    public class StepDefinitions
    {
        [When(@"I enter valid login details")]
        public void WhenIEnterValidLoginDetails()
        {
            ScenarioContext.Current.Pending();
        }
    }

And I submit my login request
-&gt; No matching step definition found for the step. Use the following code to create one:
    [Binding]
    public class StepDefinitions
    {
        [When(@"I submit my login request")]
        public void WhenISubmitMyLoginRequest()
        {
            ScenarioContext.Current.Pending();
        }
    }

Then I should gain access to my account
-&gt; No matching step definition found for the step. Use the following code to create one:
    [Binding]
    public class StepDefinitions
    {
        [Then(@"I should gain access to my account")]
        public void ThenIShouldGainAccessToMyAccount()
        {
            ScenarioContext.Current.Pending();
        }
    }</StdOut>
        <ErrorInfo>
          <Message>Assert.Inconclusive failed. No matching step definition found for one or more steps.
[Binding]
public class StepDefinitions
{
    [Given(@"that I have an existing account")]
    public void GivenThatIHaveAnExistingAccount()
    {
        ScenarioContext.Current.Pending();
    }
    
    [Then(@"I should gain access to my account")]
    public void ThenIShouldGainAccessToMyAccount()
    {
        ScenarioContext.Current.Pending();
    }
    
    [When(@"I enter valid login details")]
    public void WhenIEnterValidLoginDetails()
    {
        ScenarioContext.Current.Pending();
    }
    
    [When(@"I submit my login request")]
    public void WhenISubmitMyLoginRequest()
    {
        ScenarioContext.Current.Pending();
    }
}
</Message>
          <StackTrace>   at lambda_method(Closure , String , Object[] )
   at TechTalk.SpecFlow.UnitTestProvider.MsTestRuntimeProvider.TestInconclusive(String message)
   at TechTalk.SpecFlow.ErrorHandling.ErrorProvider.ThrowPendingError(TestStatus testStatus, String message)
   at TechTalk.SpecFlow.TestRunner.CollectScenarioErrors()
   at ScoreSquid.Web.Functional.Tests.Features.LoginFeature.Login() in c:\Users\Andrew\Score-Squid\src\ScoreSquid.Web.Functional.Tests\Features\Login.feature:line 11
</StackTrace>
        </ErrorInfo>
      </Output>
    </UnitTestResult>
  </Results>
</TestRun>